Archive member included because of file (symbol)

c:/users/dale/desktop/enel317/eclipse/eclipse/mhv avr tools/bin/../lib/gcc/avr/4.7.1/avr5\libgcc.a(_exit.o)
                              c:/users/dale/desktop/enel317/eclipse/eclipse/mhv avr tools/bin/../lib/gcc/avr/4.7.1/../../../../avr/lib/avr5/crtm328p.o (exit)
c:/users/dale/desktop/enel317/eclipse/eclipse/mhv avr tools/bin/../lib/gcc/avr/4.7.1/avr5\libgcc.a(_copy_data.o)
                              ./LCD3_3-InitProc.o (__do_copy_data)
c:/users/dale/desktop/enel317/eclipse/eclipse/mhv avr tools/bin/../lib/gcc/avr/4.7.1/../../../../avr/lib/avr5\libc.a(sprintf.o)
                              ./LCD3_3-InitProc.o (sprintf)
c:/users/dale/desktop/enel317/eclipse/eclipse/mhv avr tools/bin/../lib/gcc/avr/4.7.1/../../../../avr/lib/avr5\libc.a(vfprintf_std.o)
                              c:/users/dale/desktop/enel317/eclipse/eclipse/mhv avr tools/bin/../lib/gcc/avr/4.7.1/../../../../avr/lib/avr5\libc.a(sprintf.o) (vfprintf)
c:/users/dale/desktop/enel317/eclipse/eclipse/mhv avr tools/bin/../lib/gcc/avr/4.7.1/../../../../avr/lib/avr5\libc.a(strnlen_P.o)
                              c:/users/dale/desktop/enel317/eclipse/eclipse/mhv avr tools/bin/../lib/gcc/avr/4.7.1/../../../../avr/lib/avr5\libc.a(vfprintf_std.o) (strnlen_P)
c:/users/dale/desktop/enel317/eclipse/eclipse/mhv avr tools/bin/../lib/gcc/avr/4.7.1/../../../../avr/lib/avr5\libc.a(strnlen.o)
                              c:/users/dale/desktop/enel317/eclipse/eclipse/mhv avr tools/bin/../lib/gcc/avr/4.7.1/../../../../avr/lib/avr5\libc.a(vfprintf_std.o) (strnlen)
c:/users/dale/desktop/enel317/eclipse/eclipse/mhv avr tools/bin/../lib/gcc/avr/4.7.1/../../../../avr/lib/avr5\libc.a(fputc.o)
                              c:/users/dale/desktop/enel317/eclipse/eclipse/mhv avr tools/bin/../lib/gcc/avr/4.7.1/../../../../avr/lib/avr5\libc.a(vfprintf_std.o) (fputc)
c:/users/dale/desktop/enel317/eclipse/eclipse/mhv avr tools/bin/../lib/gcc/avr/4.7.1/../../../../avr/lib/avr5\libc.a(ultoa_invert.o)
                              c:/users/dale/desktop/enel317/eclipse/eclipse/mhv avr tools/bin/../lib/gcc/avr/4.7.1/../../../../avr/lib/avr5\libc.a(vfprintf_std.o) (__ultoa_invert)
c:/users/dale/desktop/enel317/eclipse/eclipse/mhv avr tools/bin/../lib/gcc/avr/4.7.1/avr5\libgcc.a(_prologue.o)
                              c:/users/dale/desktop/enel317/eclipse/eclipse/mhv avr tools/bin/../lib/gcc/avr/4.7.1/../../../../avr/lib/avr5\libc.a(vfprintf_std.o) (__prologue_saves__)
c:/users/dale/desktop/enel317/eclipse/eclipse/mhv avr tools/bin/../lib/gcc/avr/4.7.1/avr5\libgcc.a(_epilogue.o)
                              c:/users/dale/desktop/enel317/eclipse/eclipse/mhv avr tools/bin/../lib/gcc/avr/4.7.1/../../../../avr/lib/avr5\libc.a(vfprintf_std.o) (__epilogue_restores__)

Memory Configuration

Name             Origin             Length             Attributes
text             0x00000000         0x00020000         xr
data             0x00800060         0x0000ffa0         rw !x
eeprom           0x00810000         0x00010000         rw !x
fuse             0x00820000         0x00000400         rw !x
lock             0x00830000         0x00000400         rw !x
signature        0x00840000         0x00000400         rw !x
*default*        0x00000000         0xffffffff

Linker script and memory map

Address of section .data set to 0x800100
LOAD c:/users/dale/desktop/enel317/eclipse/eclipse/mhv avr tools/bin/../lib/gcc/avr/4.7.1/../../../../avr/lib/avr5/crtm328p.o
LOAD ./LCD3_3-InitProc.o
LOAD ../liblcd.a
LOAD c:/users/dale/desktop/enel317/eclipse/eclipse/mhv avr tools/bin/../lib/gcc/avr/4.7.1/avr5\libgcc.a
LOAD c:/users/dale/desktop/enel317/eclipse/eclipse/mhv avr tools/bin/../lib/gcc/avr/4.7.1/../../../../avr/lib/avr5\libc.a
LOAD c:/users/dale/desktop/enel317/eclipse/eclipse/mhv avr tools/bin/../lib/gcc/avr/4.7.1/avr5\libgcc.a

.hash
 *(.hash)

.dynsym
 *(.dynsym)

.dynstr
 *(.dynstr)

.gnu.version
 *(.gnu.version)

.gnu.version_d
 *(.gnu.version_d)

.gnu.version_r
 *(.gnu.version_r)

.rel.init
 *(.rel.init)

.rela.init
 *(.rela.init)

.rel.text
 *(.rel.text)
 *(.rel.text.*)
 *(.rel.gnu.linkonce.t*)

.rela.text
 *(.rela.text)
 *(.rela.text.*)
 *(.rela.gnu.linkonce.t*)

.rel.fini
 *(.rel.fini)

.rela.fini
 *(.rela.fini)

.rel.rodata
 *(.rel.rodata)
 *(.rel.rodata.*)
 *(.rel.gnu.linkonce.r*)

.rela.rodata
 *(.rela.rodata)
 *(.rela.rodata.*)
 *(.rela.gnu.linkonce.r*)

.rel.data
 *(.rel.data)
 *(.rel.data.*)
 *(.rel.gnu.linkonce.d*)

.rela.data
 *(.rela.data)
 *(.rela.data.*)
 *(.rela.gnu.linkonce.d*)

.rel.ctors
 *(.rel.ctors)

.rela.ctors
 *(.rela.ctors)

.rel.dtors
 *(.rel.dtors)

.rela.dtors
 *(.rela.dtors)

.rel.got
 *(.rel.got)

.rela.got
 *(.rela.got)

.rel.bss
 *(.rel.bss)

.rela.bss
 *(.rela.bss)

.rel.plt
 *(.rel.plt)

.rela.plt
 *(.rela.plt)

.text           0x00000000      0x88a
 *(.vectors)
 .vectors       0x00000000       0x68 c:/users/dale/desktop/enel317/eclipse/eclipse/mhv avr tools/bin/../lib/gcc/avr/4.7.1/../../../../avr/lib/avr5/crtm328p.o
                0x00000000                __vector_default
                0x00000000                __vectors
 *(.vectors)
 *(.progmem.gcc*)
 *(.progmem*)
                0x00000068                . = ALIGN (0x2)
                0x00000068                __trampolines_start = .
 *(.trampolines)
 .trampolines   0x00000068        0x0 linker stubs
 *(.trampolines*)
                0x00000068                __trampolines_end = .
 *(.jumptables)
 *(.jumptables*)
 *(.lowtext)
 *(.lowtext*)
                0x00000068                __ctors_start = .
 *(.ctors)
                0x00000068                __ctors_end = .
                0x00000068                __dtors_start = .
 *(.dtors)
                0x00000068                __dtors_end = .
 SORT(*)(.ctors)
 SORT(*)(.dtors)
 *(.init0)
 .init0         0x00000068        0x0 c:/users/dale/desktop/enel317/eclipse/eclipse/mhv avr tools/bin/../lib/gcc/avr/4.7.1/../../../../avr/lib/avr5/crtm328p.o
                0x00000068                __init
 *(.init0)
 *(.init1)
 *(.init1)
 *(.init2)
 .init2         0x00000068        0xc c:/users/dale/desktop/enel317/eclipse/eclipse/mhv avr tools/bin/../lib/gcc/avr/4.7.1/../../../../avr/lib/avr5/crtm328p.o
 *(.init2)
 *(.init3)
 *(.init3)
 *(.init4)
 .init4         0x00000074       0x16 c:/users/dale/desktop/enel317/eclipse/eclipse/mhv avr tools/bin/../lib/gcc/avr/4.7.1/avr5\libgcc.a(_copy_data.o)
                0x00000074                __do_copy_data
 *(.init4)
 *(.init5)
 *(.init5)
 *(.init6)
 *(.init6)
 *(.init7)
 *(.init7)
 *(.init8)
 *(.init8)
 *(.init9)
 .init9         0x0000008a        0x8 c:/users/dale/desktop/enel317/eclipse/eclipse/mhv avr tools/bin/../lib/gcc/avr/4.7.1/../../../../avr/lib/avr5/crtm328p.o
 *(.init9)
 *(.text)
 .text          0x00000092        0x4 c:/users/dale/desktop/enel317/eclipse/eclipse/mhv avr tools/bin/../lib/gcc/avr/4.7.1/../../../../avr/lib/avr5/crtm328p.o
                0x00000092                __vector_22
                0x00000092                __vector_1
                0x00000092                __vector_24
                0x00000092                __vector_12
                0x00000092                __bad_interrupt
                0x00000092                __vector_6
                0x00000092                __vector_3
                0x00000092                __vector_23
                0x00000092                __vector_25
                0x00000092                __vector_11
                0x00000092                __vector_13
                0x00000092                __vector_17
                0x00000092                __vector_19
                0x00000092                __vector_7
                0x00000092                __vector_5
                0x00000092                __vector_4
                0x00000092                __vector_9
                0x00000092                __vector_2
                0x00000092                __vector_21
                0x00000092                __vector_15
                0x00000092                __vector_8
                0x00000092                __vector_14
                0x00000092                __vector_10
                0x00000092                __vector_16
                0x00000092                __vector_18
                0x00000092                __vector_20
 .text          0x00000096        0x0 ./LCD3_3-InitProc.o
 .text          0x00000096        0x0 c:/users/dale/desktop/enel317/eclipse/eclipse/mhv avr tools/bin/../lib/gcc/avr/4.7.1/avr5\libgcc.a(_exit.o)
 .text          0x00000096        0x0 c:/users/dale/desktop/enel317/eclipse/eclipse/mhv avr tools/bin/../lib/gcc/avr/4.7.1/avr5\libgcc.a(_copy_data.o)
 .text          0x00000096        0x0 c:/users/dale/desktop/enel317/eclipse/eclipse/mhv avr tools/bin/../lib/gcc/avr/4.7.1/../../../../avr/lib/avr5\libc.a(sprintf.o)
 .text          0x00000096        0x0 c:/users/dale/desktop/enel317/eclipse/eclipse/mhv avr tools/bin/../lib/gcc/avr/4.7.1/../../../../avr/lib/avr5\libc.a(vfprintf_std.o)
 .text          0x00000096        0x0 c:/users/dale/desktop/enel317/eclipse/eclipse/mhv avr tools/bin/../lib/gcc/avr/4.7.1/../../../../avr/lib/avr5\libc.a(strnlen_P.o)
 .text          0x00000096        0x0 c:/users/dale/desktop/enel317/eclipse/eclipse/mhv avr tools/bin/../lib/gcc/avr/4.7.1/../../../../avr/lib/avr5\libc.a(strnlen.o)
 .text          0x00000096        0x0 c:/users/dale/desktop/enel317/eclipse/eclipse/mhv avr tools/bin/../lib/gcc/avr/4.7.1/../../../../avr/lib/avr5\libc.a(fputc.o)
 .text          0x00000096        0x0 c:/users/dale/desktop/enel317/eclipse/eclipse/mhv avr tools/bin/../lib/gcc/avr/4.7.1/../../../../avr/lib/avr5\libc.a(ultoa_invert.o)
 .text          0x00000096        0x0 c:/users/dale/desktop/enel317/eclipse/eclipse/mhv avr tools/bin/../lib/gcc/avr/4.7.1/avr5\libgcc.a(_prologue.o)
 .text          0x00000096        0x0 c:/users/dale/desktop/enel317/eclipse/eclipse/mhv avr tools/bin/../lib/gcc/avr/4.7.1/avr5\libgcc.a(_epilogue.o)
                0x00000096                . = ALIGN (0x2)
 *(.text.*)
 .text.LCD_checkBusy
                0x00000096       0x2c ./LCD3_3-InitProc.o
                0x00000096                LCD_checkBusy
 .text.LCD_writeInstruction
                0x000000c2       0x26 ./LCD3_3-InitProc.o
                0x000000c2                LCD_writeInstruction
 .text.LCD_writeToDDRAM
                0x000000e8       0x34 ./LCD3_3-InitProc.o
                0x000000e8                LCD_writeToDDRAM
 .text.my_lcd_init
                0x0000011c       0x98 ./LCD3_3-InitProc.o
                0x0000011c                my_lcd_init
 .text.my_lcd_clear
                0x000001b4        0x8 ./LCD3_3-InitProc.o
                0x000001b4                my_lcd_clear
 .text.my_lcd_display
                0x000001bc       0x78 ./LCD3_3-InitProc.o
                0x000001bc                my_lcd_display
 .text.startup.main
                0x00000234       0x84 ./LCD3_3-InitProc.o
                0x00000234                main
 .text.libgcc.mul
                0x000002b8        0x0 c:/users/dale/desktop/enel317/eclipse/eclipse/mhv avr tools/bin/../lib/gcc/avr/4.7.1/avr5\libgcc.a(_exit.o)
 .text.libgcc.div
                0x000002b8        0x0 c:/users/dale/desktop/enel317/eclipse/eclipse/mhv avr tools/bin/../lib/gcc/avr/4.7.1/avr5\libgcc.a(_exit.o)
 .text.libgcc   0x000002b8        0x0 c:/users/dale/desktop/enel317/eclipse/eclipse/mhv avr tools/bin/../lib/gcc/avr/4.7.1/avr5\libgcc.a(_exit.o)
 .text.libgcc.prologue
                0x000002b8        0x0 c:/users/dale/desktop/enel317/eclipse/eclipse/mhv avr tools/bin/../lib/gcc/avr/4.7.1/avr5\libgcc.a(_exit.o)
 .text.libgcc.builtins
                0x000002b8        0x0 c:/users/dale/desktop/enel317/eclipse/eclipse/mhv avr tools/bin/../lib/gcc/avr/4.7.1/avr5\libgcc.a(_exit.o)
 .text.libgcc.fmul
                0x000002b8        0x0 c:/users/dale/desktop/enel317/eclipse/eclipse/mhv avr tools/bin/../lib/gcc/avr/4.7.1/avr5\libgcc.a(_exit.o)
 .text.libgcc.mul
                0x000002b8        0x0 c:/users/dale/desktop/enel317/eclipse/eclipse/mhv avr tools/bin/../lib/gcc/avr/4.7.1/avr5\libgcc.a(_copy_data.o)
 .text.libgcc.div
                0x000002b8        0x0 c:/users/dale/desktop/enel317/eclipse/eclipse/mhv avr tools/bin/../lib/gcc/avr/4.7.1/avr5\libgcc.a(_copy_data.o)
 .text.libgcc   0x000002b8        0x0 c:/users/dale/desktop/enel317/eclipse/eclipse/mhv avr tools/bin/../lib/gcc/avr/4.7.1/avr5\libgcc.a(_copy_data.o)
 .text.libgcc.prologue
                0x000002b8        0x0 c:/users/dale/desktop/enel317/eclipse/eclipse/mhv avr tools/bin/../lib/gcc/avr/4.7.1/avr5\libgcc.a(_copy_data.o)
 .text.libgcc.builtins
                0x000002b8        0x0 c:/users/dale/desktop/enel317/eclipse/eclipse/mhv avr tools/bin/../lib/gcc/avr/4.7.1/avr5\libgcc.a(_copy_data.o)
 .text.libgcc.fmul
                0x000002b8        0x0 c:/users/dale/desktop/enel317/eclipse/eclipse/mhv avr tools/bin/../lib/gcc/avr/4.7.1/avr5\libgcc.a(_copy_data.o)
 .text.avr-libc
                0x000002b8       0x5e c:/users/dale/desktop/enel317/eclipse/eclipse/mhv avr tools/bin/../lib/gcc/avr/4.7.1/../../../../avr/lib/avr5\libc.a(sprintf.o)
                0x000002b8                sprintf
 .text.avr-libc
                0x00000316      0x3ae c:/users/dale/desktop/enel317/eclipse/eclipse/mhv avr tools/bin/../lib/gcc/avr/4.7.1/../../../../avr/lib/avr5\libc.a(vfprintf_std.o)
                0x00000316                vfprintf
 .text.avr-libc
                0x000006c4       0x16 c:/users/dale/desktop/enel317/eclipse/eclipse/mhv avr tools/bin/../lib/gcc/avr/4.7.1/../../../../avr/lib/avr5\libc.a(strnlen_P.o)
                0x000006c4                strnlen_P
 .text.avr-libc
                0x000006da       0x16 c:/users/dale/desktop/enel317/eclipse/eclipse/mhv avr tools/bin/../lib/gcc/avr/4.7.1/../../../../avr/lib/avr5\libc.a(strnlen.o)
                0x000006da                strnlen
 .text.avr-libc
                0x000006f0       0x6c c:/users/dale/desktop/enel317/eclipse/eclipse/mhv avr tools/bin/../lib/gcc/avr/4.7.1/../../../../avr/lib/avr5\libc.a(fputc.o)
                0x000006f0                fputc
 .text.avr-libc
                0x0000075c       0xbc c:/users/dale/desktop/enel317/eclipse/eclipse/mhv avr tools/bin/../lib/gcc/avr/4.7.1/../../../../avr/lib/avr5\libc.a(ultoa_invert.o)
                0x0000075c                __ultoa_invert
 .text.libgcc.mul
                0x00000818        0x0 c:/users/dale/desktop/enel317/eclipse/eclipse/mhv avr tools/bin/../lib/gcc/avr/4.7.1/avr5\libgcc.a(_prologue.o)
 .text.libgcc.div
                0x00000818        0x0 c:/users/dale/desktop/enel317/eclipse/eclipse/mhv avr tools/bin/../lib/gcc/avr/4.7.1/avr5\libgcc.a(_prologue.o)
 .text.libgcc   0x00000818        0x0 c:/users/dale/desktop/enel317/eclipse/eclipse/mhv avr tools/bin/../lib/gcc/avr/4.7.1/avr5\libgcc.a(_prologue.o)
 .text.libgcc.prologue
                0x00000818       0x38 c:/users/dale/desktop/enel317/eclipse/eclipse/mhv avr tools/bin/../lib/gcc/avr/4.7.1/avr5\libgcc.a(_prologue.o)
                0x00000818                __prologue_saves__
 .text.libgcc.builtins
                0x00000850        0x0 c:/users/dale/desktop/enel317/eclipse/eclipse/mhv avr tools/bin/../lib/gcc/avr/4.7.1/avr5\libgcc.a(_prologue.o)
 .text.libgcc.fmul
                0x00000850        0x0 c:/users/dale/desktop/enel317/eclipse/eclipse/mhv avr tools/bin/../lib/gcc/avr/4.7.1/avr5\libgcc.a(_prologue.o)
 .text.libgcc.mul
                0x00000850        0x0 c:/users/dale/desktop/enel317/eclipse/eclipse/mhv avr tools/bin/../lib/gcc/avr/4.7.1/avr5\libgcc.a(_epilogue.o)
 .text.libgcc.div
                0x00000850        0x0 c:/users/dale/desktop/enel317/eclipse/eclipse/mhv avr tools/bin/../lib/gcc/avr/4.7.1/avr5\libgcc.a(_epilogue.o)
 .text.libgcc   0x00000850        0x0 c:/users/dale/desktop/enel317/eclipse/eclipse/mhv avr tools/bin/../lib/gcc/avr/4.7.1/avr5\libgcc.a(_epilogue.o)
 .text.libgcc.prologue
                0x00000850       0x36 c:/users/dale/desktop/enel317/eclipse/eclipse/mhv avr tools/bin/../lib/gcc/avr/4.7.1/avr5\libgcc.a(_epilogue.o)
                0x00000850                __epilogue_restores__
 .text.libgcc.builtins
                0x00000886        0x0 c:/users/dale/desktop/enel317/eclipse/eclipse/mhv avr tools/bin/../lib/gcc/avr/4.7.1/avr5\libgcc.a(_epilogue.o)
 .text.libgcc.fmul
                0x00000886        0x0 c:/users/dale/desktop/enel317/eclipse/eclipse/mhv avr tools/bin/../lib/gcc/avr/4.7.1/avr5\libgcc.a(_epilogue.o)
                0x00000886                . = ALIGN (0x2)
 *(.fini9)
 .fini9         0x00000886        0x0 c:/users/dale/desktop/enel317/eclipse/eclipse/mhv avr tools/bin/../lib/gcc/avr/4.7.1/avr5\libgcc.a(_exit.o)
                0x00000886                _exit
                0x00000886                exit
 *(.fini9)
 *(.fini8)
 *(.fini8)
 *(.fini7)
 *(.fini7)
 *(.fini6)
 *(.fini6)
 *(.fini5)
 *(.fini5)
 *(.fini4)
 *(.fini4)
 *(.fini3)
 *(.fini3)
 *(.fini2)
 *(.fini2)
 *(.fini1)
 *(.fini1)
 *(.fini0)
 .fini0         0x00000886        0x4 c:/users/dale/desktop/enel317/eclipse/eclipse/mhv avr tools/bin/../lib/gcc/avr/4.7.1/avr5\libgcc.a(_exit.o)
 *(.fini0)
                0x0000088a                _etext = .

.data           0x00800100       0x26 load address 0x0000088a
                0x00800100                PROVIDE (__data_start, .)
 *(.data)
 .data          0x00800100        0x0 c:/users/dale/desktop/enel317/eclipse/eclipse/mhv avr tools/bin/../lib/gcc/avr/4.7.1/../../../../avr/lib/avr5/crtm328p.o
 .data          0x00800100        0x0 ./LCD3_3-InitProc.o
 .data          0x00800100        0x0 c:/users/dale/desktop/enel317/eclipse/eclipse/mhv avr tools/bin/../lib/gcc/avr/4.7.1/avr5\libgcc.a(_exit.o)
 .data          0x00800100        0x0 c:/users/dale/desktop/enel317/eclipse/eclipse/mhv avr tools/bin/../lib/gcc/avr/4.7.1/avr5\libgcc.a(_copy_data.o)
 .data          0x00800100        0x0 c:/users/dale/desktop/enel317/eclipse/eclipse/mhv avr tools/bin/../lib/gcc/avr/4.7.1/../../../../avr/lib/avr5\libc.a(sprintf.o)
 .data          0x00800100        0x0 c:/users/dale/desktop/enel317/eclipse/eclipse/mhv avr tools/bin/../lib/gcc/avr/4.7.1/../../../../avr/lib/avr5\libc.a(vfprintf_std.o)
 .data          0x00800100        0x0 c:/users/dale/desktop/enel317/eclipse/eclipse/mhv avr tools/bin/../lib/gcc/avr/4.7.1/../../../../avr/lib/avr5\libc.a(strnlen_P.o)
 .data          0x00800100        0x0 c:/users/dale/desktop/enel317/eclipse/eclipse/mhv avr tools/bin/../lib/gcc/avr/4.7.1/../../../../avr/lib/avr5\libc.a(strnlen.o)
 .data          0x00800100        0x0 c:/users/dale/desktop/enel317/eclipse/eclipse/mhv avr tools/bin/../lib/gcc/avr/4.7.1/../../../../avr/lib/avr5\libc.a(fputc.o)
 .data          0x00800100        0x0 c:/users/dale/desktop/enel317/eclipse/eclipse/mhv avr tools/bin/../lib/gcc/avr/4.7.1/../../../../avr/lib/avr5\libc.a(ultoa_invert.o)
 .data          0x00800100        0x0 c:/users/dale/desktop/enel317/eclipse/eclipse/mhv avr tools/bin/../lib/gcc/avr/4.7.1/avr5\libgcc.a(_prologue.o)
 .data          0x00800100        0x0 c:/users/dale/desktop/enel317/eclipse/eclipse/mhv avr tools/bin/../lib/gcc/avr/4.7.1/avr5\libgcc.a(_epilogue.o)
 *(.data*)
 *(.rodata)
 *(.rodata*)
 .rodata.str1.1
                0x00800100       0x26 ./LCD3_3-InitProc.o
 *(.gnu.linkonce.d*)
                0x00800126                . = ALIGN (0x2)
                0x00800126                _edata = .
                0x00800126                PROVIDE (__data_end, .)

.bss            0x00800126        0x0
                0x00800126                PROVIDE (__bss_start, .)
 *(.bss)
 .bss           0x00800126        0x0 c:/users/dale/desktop/enel317/eclipse/eclipse/mhv avr tools/bin/../lib/gcc/avr/4.7.1/../../../../avr/lib/avr5/crtm328p.o
 .bss           0x00800126        0x0 ./LCD3_3-InitProc.o
 .bss           0x00800126        0x0 c:/users/dale/desktop/enel317/eclipse/eclipse/mhv avr tools/bin/../lib/gcc/avr/4.7.1/avr5\libgcc.a(_exit.o)
 .bss           0x00800126        0x0 c:/users/dale/desktop/enel317/eclipse/eclipse/mhv avr tools/bin/../lib/gcc/avr/4.7.1/avr5\libgcc.a(_copy_data.o)
 .bss           0x00800126        0x0 c:/users/dale/desktop/enel317/eclipse/eclipse/mhv avr tools/bin/../lib/gcc/avr/4.7.1/../../../../avr/lib/avr5\libc.a(sprintf.o)
 .bss           0x00800126        0x0 c:/users/dale/desktop/enel317/eclipse/eclipse/mhv avr tools/bin/../lib/gcc/avr/4.7.1/../../../../avr/lib/avr5\libc.a(vfprintf_std.o)
 .bss           0x00800126        0x0 c:/users/dale/desktop/enel317/eclipse/eclipse/mhv avr tools/bin/../lib/gcc/avr/4.7.1/../../../../avr/lib/avr5\libc.a(strnlen_P.o)
 .bss           0x00800126        0x0 c:/users/dale/desktop/enel317/eclipse/eclipse/mhv avr tools/bin/../lib/gcc/avr/4.7.1/../../../../avr/lib/avr5\libc.a(strnlen.o)
 .bss           0x00800126        0x0 c:/users/dale/desktop/enel317/eclipse/eclipse/mhv avr tools/bin/../lib/gcc/avr/4.7.1/../../../../avr/lib/avr5\libc.a(fputc.o)
 .bss           0x00800126        0x0 c:/users/dale/desktop/enel317/eclipse/eclipse/mhv avr tools/bin/../lib/gcc/avr/4.7.1/../../../../avr/lib/avr5\libc.a(ultoa_invert.o)
 .bss           0x00800126        0x0 c:/users/dale/desktop/enel317/eclipse/eclipse/mhv avr tools/bin/../lib/gcc/avr/4.7.1/avr5\libgcc.a(_prologue.o)
 .bss           0x00800126        0x0 c:/users/dale/desktop/enel317/eclipse/eclipse/mhv avr tools/bin/../lib/gcc/avr/4.7.1/avr5\libgcc.a(_epilogue.o)
 *(.bss*)
 *(COMMON)
                0x00800126                PROVIDE (__bss_end, .)
                0x0000088a                __data_load_start = LOADADDR (.data)
                0x000008b0                __data_load_end = (__data_load_start + SIZEOF (.data))

.noinit         0x00800126        0x0
                0x00800126                PROVIDE (__noinit_start, .)
 *(.noinit*)
                0x00800126                PROVIDE (__noinit_end, .)
                0x00800126                _end = .
                0x00800126                PROVIDE (__heap_start, .)

.eeprom         0x00810000        0x0
 *(.eeprom*)
                0x00810000                __eeprom_end = .

.fuse
 *(.fuse)
 *(.lfuse)
 *(.hfuse)
 *(.efuse)

.lock
 *(.lock*)

.signature
 *(.signature*)

.stab
 *(.stab)

.stabstr
 *(.stabstr)

.stab.excl
 *(.stab.excl)

.stab.exclstr
 *(.stab.exclstr)

.stab.index
 *(.stab.index)

.stab.indexstr
 *(.stab.indexstr)

.comment        0x00000000       0x11
 *(.comment)
 .comment       0x00000000       0x11 ./LCD3_3-InitProc.o
                                 0x12 (size before relaxing)
 .comment       0x00000000       0x12 c:/users/dale/desktop/enel317/eclipse/eclipse/mhv avr tools/bin/../lib/gcc/avr/4.7.1/../../../../avr/lib/avr5\libc.a(sprintf.o)
 .comment       0x00000000       0x12 c:/users/dale/desktop/enel317/eclipse/eclipse/mhv avr tools/bin/../lib/gcc/avr/4.7.1/../../../../avr/lib/avr5\libc.a(vfprintf_std.o)
 .comment       0x00000000       0x12 c:/users/dale/desktop/enel317/eclipse/eclipse/mhv avr tools/bin/../lib/gcc/avr/4.7.1/../../../../avr/lib/avr5\libc.a(fputc.o)

.debug
 *(.debug)

.line
 *(.line)

.debug_srcinfo
 *(.debug_srcinfo)

.debug_sfnames
 *(.debug_sfnames)

.debug_aranges
 *(.debug_aranges)

.debug_pubnames
 *(.debug_pubnames)

.debug_info
 *(.debug_info)
 *(.gnu.linkonce.wi.*)

.debug_abbrev
 *(.debug_abbrev)

.debug_line
 *(.debug_line)

.debug_frame
 *(.debug_frame)

.debug_str
 *(.debug_str)

.debug_loc
 *(.debug_loc)

.debug_macinfo
 *(.debug_macinfo)

.debug_pubtypes
 *(.debug_pubtypes)

.debug_ranges
 *(.debug_ranges)

.debug_macro
 *(.debug_macro)
OUTPUT(LCD3_3-InitProc8bit.elf elf32-avr)
LOAD linker stubs
